{
  "version": "1.5.0",
  "plugins_used": [
    {
      "name": "ArtifactoryDetector"
    },
    {
      "name": "AWSKeyDetector"
    },
    {
      "name": "AzureStorageKeyDetector"
    },
    {
      "name": "Base64HighEntropyString",
      "limit": 4.5
    },
    {
      "name": "BasicAuthDetector"
    },
    {
      "name": "CloudantDetector"
    },
    {
      "name": "DiscordBotTokenDetector"
    },
    {
      "name": "GitHubTokenDetector"
    },
    {
      "name": "GitLabTokenDetector"
    },
    {
      "name": "HexHighEntropyString",
      "limit": 3.0
    },
    {
      "name": "IbmCloudIamDetector"
    },
    {
      "name": "IbmCosHmacDetector"
    },
    {
      "name": "IPPublicDetector"
    },
    {
      "name": "JwtTokenDetector"
    },
    {
      "name": "KeywordDetector",
      "keyword_exclude": ""
    },
    {
      "name": "MailchimpDetector"
    },
    {
      "name": "NpmDetector"
    },
    {
      "name": "OpenAIDetector"
    },
    {
      "name": "PrivateKeyDetector"
    },
    {
      "name": "PypiTokenDetector"
    },
    {
      "name": "SendGridDetector"
    },
    {
      "name": "SlackDetector"
    },
    {
      "name": "SoftlayerDetector"
    },
    {
      "name": "SquareOAuthDetector"
    },
    {
      "name": "StripeDetector"
    },
    {
      "name": "TelegramBotTokenDetector"
    },
    {
      "name": "TwilioKeyDetector"
    }
  ],
  "filters_used": [
    {
      "path": "detect_secrets.filters.allowlist.is_line_allowlisted"
    },
    {
      "path": "detect_secrets.filters.common.is_baseline_file",
      "filename": ".secrets.baseline"
    },
    {
      "path": "detect_secrets.filters.common.is_ignored_due_to_verification_policies",
      "min_level": 2
    },
    {
      "path": "detect_secrets.filters.heuristic.is_indirect_reference"
    },
    {
      "path": "detect_secrets.filters.heuristic.is_likely_id_string"
    },
    {
      "path": "detect_secrets.filters.heuristic.is_lock_file"
    },
    {
      "path": "detect_secrets.filters.heuristic.is_not_alphanumeric_string"
    },
    {
      "path": "detect_secrets.filters.heuristic.is_potential_uuid"
    },
    {
      "path": "detect_secrets.filters.heuristic.is_prefixed_with_dollar_sign"
    },
    {
      "path": "detect_secrets.filters.heuristic.is_sequential_string"
    },
    {
      "path": "detect_secrets.filters.heuristic.is_swagger_file"
    },
    {
      "path": "detect_secrets.filters.heuristic.is_templated_secret"
    },
    {
      "path": "detect_secrets.filters.regex.should_exclude_file",
      "pattern": [
        "\\.git/.*|venv/.*|\\.venv/.*|node_modules/.*|__pycache__/.*|\\.pyc$|\\.egg-info/.*"
      ]
    }
  ],
  "results": {
    "docs/_archive/2025-12-architecture/agent-deployment-architecture-2025-12-09.md": [
      {
        "type": "Hex High Entropy String",
        "filename": "docs/_archive/2025-12-architecture/agent-deployment-architecture-2025-12-09.md",
        "hashed_secret": "244f421f896bdcdd2784dccf4eaf7c8dfd5189b5",
        "is_verified": false,
        "line_number": 77
      }
    ],
    "docs/_archive/2025-12-implementation/pm-delegation-investigation-2025-12-23.md": [
      {
        "type": "Hex High Entropy String",
        "filename": "docs/_archive/2025-12-implementation/pm-delegation-investigation-2025-12-23.md",
        "hashed_secret": "ccfe2253a50121c0486dda55f0c3dd8d551b3da2",
        "is_verified": false,
        "line_number": 50
      }
    ],
    "docs/design/instruction_caching.md": [
      {
        "type": "Hex High Entropy String",
        "filename": "docs/design/instruction_caching.md",
        "hashed_secret": "c37233c11e99428e84b7c1b3d783b59c18217af8",
        "is_verified": false,
        "line_number": 148
      }
    ],
    "docs/guides/skills-deployment-guide.md": [
      {
        "type": "Secret Keyword",
        "filename": "docs/guides/skills-deployment-guide.md",
        "hashed_secret": "5baa61e4c9b93f3f0682250b6cf8331b7ee68fd8",
        "is_verified": false,
        "line_number": 280
      }
    ],
    "docs/guides/ticket-scope-protection.md": [
      {
        "type": "Secret Keyword",
        "filename": "docs/guides/ticket-scope-protection.md",
        "hashed_secret": "d4b9656b4d79871a13f1996ba2e7675aeed31374",
        "is_verified": false,
        "line_number": 697
      }
    ],
    "docs/integrations/SLACK_USER_PROXY_SETUP.md": [
      {
        "type": "Secret Keyword",
        "filename": "docs/integrations/SLACK_USER_PROXY_SETUP.md",
        "hashed_secret": "c303df00cd0a72b21c62900b758b06fc541664ce",
        "is_verified": false,
        "line_number": 207
      }
    ],
    "docs/tools-framework-guide.md": [
      {
        "type": "Hex High Entropy String",
        "filename": "docs/tools-framework-guide.md",
        "hashed_secret": "b58fd099373dbd7e53ed13e7357e2a1cad93dd47",
        "is_verified": false,
        "line_number": 73
      }
    ],
    "docs/usecases/non-technical-users.md": [
      {
        "type": "Secret Keyword",
        "filename": "docs/usecases/non-technical-users.md",
        "hashed_secret": "2a91299cbb72052012d326f61d3a022fe3fb791c",
        "is_verified": false,
        "line_number": 96
      }
    ],
    "examples/env-manager-workflows.md": [
      {
        "type": "Basic Auth Credentials",
        "filename": "examples/env-manager-workflows.md",
        "hashed_secret": "5baa61e4c9b93f3f0682250b6cf8331b7ee68fd8",
        "is_verified": false,
        "line_number": 558
      }
    ],
    "scripts/publish_to_npm.sh": [
      {
        "type": "NPM tokens",
        "filename": "scripts/publish_to_npm.sh",
        "hashed_secret": "41d329f8cefbcc2dd741e142d4f09439ec341da5",
        "is_verified": false,
        "line_number": 137
      }
    ],
    "src/claude_mpm/agents/BASE_ENGINEER.md": [
      {
        "type": "Secret Keyword",
        "filename": "src/claude_mpm/agents/BASE_ENGINEER.md",
        "hashed_secret": "b40d462c0ab387b5c702e06e616cd4fed6a705e3",
        "is_verified": false,
        "line_number": 80
      }
    ],
    "src/claude_mpm/agents/templates/archive/local_ops_agent.json": [
      {
        "type": "Secret Keyword",
        "filename": "src/claude_mpm/agents/templates/archive/local_ops_agent.json",
        "hashed_secret": "f4db16e01848ef360cbebb48117cf8b691aed195",
        "is_verified": false,
        "line_number": 1477
      }
    ],
    "src/claude_mpm/agents/templates/archive/ops.json": [
      {
        "type": "Private Key",
        "filename": "src/claude_mpm/agents/templates/archive/ops.json",
        "hashed_secret": "1348b145fa1a555461c1b790a2f66614781091e9",
        "is_verified": false,
        "line_number": 72
      },
      {
        "type": "Basic Auth Credentials",
        "filename": "src/claude_mpm/agents/templates/archive/ops.json",
        "hashed_secret": "9d4e1e23bd5b727046a9e3b4b7db57bd8d6ee684",
        "is_verified": false,
        "line_number": 72
      }
    ],
    "src/claude_mpm/agents/templates/archive/security.json": [
      {
        "type": "Private Key",
        "filename": "src/claude_mpm/agents/templates/archive/security.json",
        "hashed_secret": "1348b145fa1a555461c1b790a2f66614781091e9",
        "is_verified": false,
        "line_number": 53
      },
      {
        "type": "Private Key",
        "filename": "src/claude_mpm/agents/templates/archive/security.json",
        "hashed_secret": "be4fc4886bd949b369d5e092eb87494f12e57e5b",
        "is_verified": false,
        "line_number": 53
      }
    ],
    "src/claude_mpm/agents/templates/archive/typescript_engineer.json": [
      {
        "type": "Hex High Entropy String",
        "filename": "src/claude_mpm/agents/templates/archive/typescript_engineer.json",
        "hashed_secret": "960903f95946e89e7a21ab56be937700ab2fcc15",
        "is_verified": false,
        "line_number": 74
      }
    ],
    "src/claude_mpm/dashboard/static/svelte-build/_app/immutable/chunks/C77jpF4J.js": [
      {
        "type": "Hex High Entropy String",
        "filename": "src/claude_mpm/dashboard/static/svelte-build/_app/immutable/chunks/C77jpF4J.js",
        "hashed_secret": "afa1fd8b708d2efaf1a44183ca4582979bac7aa3",
        "is_verified": false,
        "line_number": 1
      }
    ],
    "src/claude_mpm/services/agents/sources/agent_sync_state.py": [
      {
        "type": "Hex High Entropy String",
        "filename": "src/claude_mpm/services/agents/sources/agent_sync_state.py",
        "hashed_secret": "90bd1b48e958257948487b90bee080ba5ed00caa",
        "is_verified": false,
        "line_number": 257
      }
    ],
    "src/claude_mpm/services/model/claude_provider.py": [
      {
        "type": "Secret Keyword",
        "filename": "src/claude_mpm/services/model/claude_provider.py",
        "hashed_secret": "c7a8c334eef5d1749fface7d42c66f9ae5e8cf36",
        "is_verified": false,
        "line_number": 38
      }
    ],
    "src/claude_mpm/skills/bundled/express-local-dev.md": [
      {
        "type": "Secret Keyword",
        "filename": "src/claude_mpm/skills/bundled/express-local-dev.md",
        "hashed_secret": "e5e9fa1ba31ecd1ae84f75caaa474f3a663f05f4",
        "is_verified": false,
        "line_number": 1202
      }
    ],
    "src/claude_mpm/skills/bundled/fastapi-local-dev.md": [
      {
        "type": "Basic Auth Credentials",
        "filename": "src/claude_mpm/skills/bundled/fastapi-local-dev.md",
        "hashed_secret": "9d4e1e23bd5b727046a9e3b4b7db57bd8d6ee684",
        "is_verified": false,
        "line_number": 176
      }
    ],
    "src/claude_mpm/skills/bundled/nextjs-local-dev.md": [
      {
        "type": "Basic Auth Credentials",
        "filename": "src/claude_mpm/skills/bundled/nextjs-local-dev.md",
        "hashed_secret": "5baa61e4c9b93f3f0682250b6cf8331b7ee68fd8",
        "is_verified": false,
        "line_number": 774
      }
    ],
    "src/claude_mpm/skills/bundled/rust/desktop-applications/references/testing-deployment.md": [
      {
        "type": "Secret Keyword",
        "filename": "src/claude_mpm/skills/bundled/rust/desktop-applications/references/testing-deployment.md",
        "hashed_secret": "54cd233cf766b984a30cbd9dd47ce2c2d3cdb213",
        "is_verified": false,
        "line_number": 716
      }
    ],
    "src/claude_mpm/skills/bundled/testing/test-driven-development/references/examples.md": [
      {
        "type": "Secret Keyword",
        "filename": "src/claude_mpm/skills/bundled/testing/test-driven-development/references/examples.md",
        "hashed_secret": "20b05c695ef1f14caa80ab1ce617d503ba9de093",
        "is_verified": false,
        "line_number": 404
      },
      {
        "type": "Secret Keyword",
        "filename": "src/claude_mpm/skills/bundled/testing/test-driven-development/references/examples.md",
        "hashed_secret": "54e8d2e15d3caa89aa3f82c8c0428ad5742f056c",
        "is_verified": false,
        "line_number": 416
      },
      {
        "type": "Secret Keyword",
        "filename": "src/claude_mpm/skills/bundled/testing/test-driven-development/references/examples.md",
        "hashed_secret": "8ce917c93119c0ac4c0e7f7b774f8321e936e0b8",
        "is_verified": false,
        "line_number": 422
      },
      {
        "type": "Secret Keyword",
        "filename": "src/claude_mpm/skills/bundled/testing/test-driven-development/references/examples.md",
        "hashed_secret": "2cfdfd9ff7dca16bbc5e398fac3453eaa10850d7",
        "is_verified": false,
        "line_number": 539
      },
      {
        "type": "Secret Keyword",
        "filename": "src/claude_mpm/skills/bundled/testing/test-driven-development/references/examples.md",
        "hashed_secret": "a0f4ea7d91495df92bbac2e2149dfb850fe81396",
        "is_verified": false,
        "line_number": 550
      }
    ],
    "src/claude_mpm/skills/bundled/testing/test-quality-inspector/examples/example-inspection-report.md": [
      {
        "type": "Secret Keyword",
        "filename": "src/claude_mpm/skills/bundled/testing/test-quality-inspector/examples/example-inspection-report.md",
        "hashed_secret": "72559b51f94a7a3ad058c5740cbe2f7cb0d4080b",
        "is_verified": false,
        "line_number": 76
      }
    ],
    "tests/eval/agents/documentation/test_integration.py": [
      {
        "type": "Secret Keyword",
        "filename": "tests/eval/agents/documentation/test_integration.py",
        "hashed_secret": "76eb91cead5c8bebc32b38463c1f6ece5c973f5a",
        "is_verified": false,
        "line_number": 492
      },
      {
        "type": "Secret Keyword",
        "filename": "tests/eval/agents/documentation/test_integration.py",
        "hashed_secret": "9d4e1e23bd5b727046a9e3b4b7db57bd8d6ee684",
        "is_verified": false,
        "line_number": 983
      },
      {
        "type": "Secret Keyword",
        "filename": "tests/eval/agents/documentation/test_integration.py",
        "hashed_secret": "206c80413b9a96c1312cc346b7d2517b84463edd",
        "is_verified": false,
        "line_number": 1079
      }
    ],
    "tests/eval/agents/ops/test_integration.py": [
      {
        "type": "Secret Keyword",
        "filename": "tests/eval/agents/ops/test_integration.py",
        "hashed_secret": "1c58bd92003bbaa0538e249fff6ee19a270dec5f",
        "is_verified": false,
        "line_number": 723
      },
      {
        "type": "Secret Keyword",
        "filename": "tests/eval/agents/ops/test_integration.py",
        "hashed_secret": "7288edd0fc3ffcbe93a0cf06e3568e28521687bc",
        "is_verified": false,
        "line_number": 1051
      }
    ],
    "tests/eval/metrics/documentation/clarity_standards_metric.py": [
      {
        "type": "Secret Keyword",
        "filename": "tests/eval/metrics/documentation/clarity_standards_metric.py",
        "hashed_secret": "9d4e1e23bd5b727046a9e3b4b7db57bd8d6ee684",
        "is_verified": false,
        "line_number": 31
      }
    ],
    "tests/eval/metrics/documentation/test_clarity_standards.py": [
      {
        "type": "Secret Keyword",
        "filename": "tests/eval/metrics/documentation/test_clarity_standards.py",
        "hashed_secret": "9d4e1e23bd5b727046a9e3b4b7db57bd8d6ee684",
        "is_verified": false,
        "line_number": 41
      },
      {
        "type": "Secret Keyword",
        "filename": "tests/eval/metrics/documentation/test_clarity_standards.py",
        "hashed_secret": "6d9c68c603e465077bdd49c62347fe54717f83a3",
        "is_verified": false,
        "line_number": 95
      }
    ],
    "tests/eval/metrics/engineer/test_anti_pattern_detection.py": [
      {
        "type": "Secret Keyword",
        "filename": "tests/eval/metrics/engineer/test_anti_pattern_detection.py",
        "hashed_secret": "bbdeeb230953f00b3f6cb5a776c11a6418ebbef3",
        "is_verified": false,
        "line_number": 70
      },
      {
        "type": "Secret Keyword",
        "filename": "tests/eval/metrics/engineer/test_anti_pattern_detection.py",
        "hashed_secret": "9b5bf6f9378b711553e882b7ec963336701a77ee",
        "is_verified": false,
        "line_number": 71
      },
      {
        "type": "Secret Keyword",
        "filename": "tests/eval/metrics/engineer/test_anti_pattern_detection.py",
        "hashed_secret": "b40d462c0ab387b5c702e06e616cd4fed6a705e3",
        "is_verified": false,
        "line_number": 96
      },
      {
        "type": "Secret Keyword",
        "filename": "tests/eval/metrics/engineer/test_anti_pattern_detection.py",
        "hashed_secret": "ff8abdd879fc64d4f3fee8b88e4c9c23ee3c42a6",
        "is_verified": false,
        "line_number": 97
      }
    ],
    "tests/eval/scenarios/documentation/documentation_scenarios.json": [
      {
        "type": "Secret Keyword",
        "filename": "tests/eval/scenarios/documentation/documentation_scenarios.json",
        "hashed_secret": "edbd1887e772e13c251f688a5f10c1ffbb67960d",
        "is_verified": false,
        "line_number": 487
      },
      {
        "type": "Secret Keyword",
        "filename": "tests/eval/scenarios/documentation/documentation_scenarios.json",
        "hashed_secret": "45d676e7c6ab44cf4b8fa366ef2d8fccd3e6d6e6",
        "is_verified": false,
        "line_number": 593
      }
    ],
    "tests/eval/scenarios/ops/ops_scenarios.json": [
      {
        "type": "Secret Keyword",
        "filename": "tests/eval/scenarios/ops/ops_scenarios.json",
        "hashed_secret": "39ededeacee21c0dea536d8eaf199a03d760f31d",
        "is_verified": false,
        "line_number": 652
      },
      {
        "type": "Basic Auth Credentials",
        "filename": "tests/eval/scenarios/ops/ops_scenarios.json",
        "hashed_secret": "ed298e1d7557f6600591c74954e2a9b2d32b5c59",
        "is_verified": false,
        "line_number": 700
      },
      {
        "type": "Secret Keyword",
        "filename": "tests/eval/scenarios/ops/ops_scenarios.json",
        "hashed_secret": "cbfdac6008f9cab4083784cbd1874f76618d2a97",
        "is_verified": false,
        "line_number": 861
      }
    ],
    "tests/hooks/claude_hooks/test_hook_handler_state.py": [
      {
        "type": "Hex High Entropy String",
        "filename": "tests/hooks/claude_hooks/test_hook_handler_state.py",
        "hashed_secret": "110c5006738a6340123878f824734137018d0225",
        "is_verified": false,
        "line_number": 172
      }
    ],
    "tests/services/agents/deployment/test_remote_agent_discovery_service.py": [
      {
        "type": "Hex High Entropy String",
        "filename": "tests/services/agents/deployment/test_remote_agent_discovery_service.py",
        "hashed_secret": "90bd1b48e958257948487b90bee080ba5ed00caa",
        "is_verified": false,
        "line_number": 75
      }
    ],
    "tests/services/agents/sources/test_agent_sync_state.py": [
      {
        "type": "Hex High Entropy String",
        "filename": "tests/services/agents/sources/test_agent_sync_state.py",
        "hashed_secret": "90bd1b48e958257948487b90bee080ba5ed00caa",
        "is_verified": false,
        "line_number": 174
      }
    ],
    "tests/test-code-analyzer-agent/sample_go_file.go": [
      {
        "type": "Secret Keyword",
        "filename": "tests/test-code-analyzer-agent/sample_go_file.go",
        "hashed_secret": "166f9d32149fe0c371a251078fdbb7a46c6ac151",
        "is_verified": false,
        "line_number": 19
      },
      {
        "type": "Secret Keyword",
        "filename": "tests/test-code-analyzer-agent/sample_go_file.go",
        "hashed_secret": "21dde79b804497e122f38dabc393f8e94f103ca6",
        "is_verified": false,
        "line_number": 20
      }
    ],
    "tests/test-code-analyzer-agent/sample_javascript_file.js": [
      {
        "type": "Secret Keyword",
        "filename": "tests/test-code-analyzer-agent/sample_javascript_file.js",
        "hashed_secret": "159920628cb789601a3ef7859918baa2e9ea7d15",
        "is_verified": false,
        "line_number": 7
      }
    ],
    "tests/test-code-analyzer-agent/sample_python_file.py": [
      {
        "type": "Secret Keyword",
        "filename": "tests/test-code-analyzer-agent/sample_python_file.py",
        "hashed_secret": "952d42a0873d27eb34fb4b5bb225483ec3979e93",
        "is_verified": false,
        "line_number": 10
      }
    ],
    "tests/test-code-analyzer-agent/sample_typescript_file.ts": [
      {
        "type": "Secret Keyword",
        "filename": "tests/test-code-analyzer-agent/sample_typescript_file.ts",
        "hashed_secret": "3d45361a02b125c14c91352aaf630db5322335b1",
        "is_verified": false,
        "line_number": 21
      }
    ],
    "tests/test_agent_environment_manager.py": [
      {
        "type": "Secret Keyword",
        "filename": "tests/test_agent_environment_manager.py",
        "hashed_secret": "3acfb2c2b433c0ea7ff107e33df91b18e52f960f",
        "is_verified": false,
        "line_number": 108
      }
    ],
    "tests/test_final_activity_structure.py": [
      {
        "type": "Secret Keyword",
        "filename": "tests/test_final_activity_structure.py",
        "hashed_secret": "400364be7d513faf0e5a25355f2c85b0359d8c42",
        "is_verified": false,
        "line_number": 142
      }
    ],
    "tests/test_git_agent_installation.py": [
      {
        "type": "Hex High Entropy String",
        "filename": "tests/test_git_agent_installation.py",
        "hashed_secret": "90bd1b48e958257948487b90bee080ba5ed00caa",
        "is_verified": false,
        "line_number": 134
      }
    ],
    "tests/test_git_source_sync_phase1.py": [
      {
        "type": "Hex High Entropy String",
        "filename": "tests/test_git_source_sync_phase1.py",
        "hashed_secret": "90bd1b48e958257948487b90bee080ba5ed00caa",
        "is_verified": false,
        "line_number": 33
      }
    ],
    "tests/test_stream.py": [
      {
        "type": "Hex High Entropy String",
        "filename": "tests/test_stream.py",
        "hashed_secret": "e4a245860066af084ee7dab967408a58d31846d0",
        "is_verified": false,
        "line_number": 152
      },
      {
        "type": "Hex High Entropy String",
        "filename": "tests/test_stream.py",
        "hashed_secret": "ea276d5d449638f0d97ac894b655d0c0aa7e10a8",
        "is_verified": false,
        "line_number": 153
      }
    ],
    "tests/unit/services/model/test_claude_provider.py": [
      {
        "type": "Secret Keyword",
        "filename": "tests/unit/services/model/test_claude_provider.py",
        "hashed_secret": "2e7a7ee14caebf378fc32d6cf6f557f347c96773",
        "is_verified": false,
        "line_number": 29
      },
      {
        "type": "Secret Keyword",
        "filename": "tests/unit/services/model/test_claude_provider.py",
        "hashed_secret": "71fdbe9f60b1157a53c18b7ec93d4041d828aaad",
        "is_verified": false,
        "line_number": 45
      },
      {
        "type": "Secret Keyword",
        "filename": "tests/unit/services/model/test_claude_provider.py",
        "hashed_secret": "1073ab6cda4b991cd29f9e83a307f34004ae9327",
        "is_verified": false,
        "line_number": 870
      },
      {
        "type": "Secret Keyword",
        "filename": "tests/unit/services/model/test_claude_provider.py",
        "hashed_secret": "87ba78e0f03afcef60657f342ec5567368fadd8c",
        "is_verified": false,
        "line_number": 871
      }
    ],
    "tests/unit/services/model/test_model_router.py": [
      {
        "type": "Secret Keyword",
        "filename": "tests/unit/services/model/test_model_router.py",
        "hashed_secret": "3acfb2c2b433c0ea7ff107e33df91b18e52f960f",
        "is_verified": false,
        "line_number": 199
      }
    ],
    "tickets/tasks/TSK-0004.md": [
      {
        "type": "Hex High Entropy String",
        "filename": "tickets/tasks/TSK-0004.md",
        "hashed_secret": "8efa37c4277473bb1cd577d5747374d514452bc6",
        "is_verified": false,
        "line_number": 74
      }
    ]
  },
  "generated_at": "2026-02-09T18:45:41Z"
}
